// Jest Snapshot v1, https://goo.gl/fbAQLP

exports[`Render toolbar 1`] = `
.c1 {
  box-sizing: border-box;
  width: 24px;
  height: 24px;
  background-color: transparent;
  color: var(--pbl-theme-colors-common-black);
  border: 0;
  padding: 0;
  outline: 0;
  box-sizing: border-box;
  transition: background-color 0.2s,color 0.2s;
  border-radius: 6px;
  display: flex;
  justify-content: center;
  align-items: center;
  flex-shrink: 0;
  margin-left: 4px;
  margin-right: 4px;
}

.c1>* {
  width: 20px;
  height: 20px;
  transition: transform 0.2s;
  transform: scale(       1     );
}

.c1:enabled {
  cursor: pointer;
}

.c1:disabled {
  opacity: 0.3;
  cursor: normal;
}

.c1:hover:enabled {
  background-color: var(--pbl-theme-colors-blackOpacity-50);
  color: var(--pbl-theme-colors-common-black);
}

.c1:focus:enabled {
  background-color: var(--pbl-theme-colors-blackOpacity-100);
  color: var(--pbl-theme-colors-common-black);
}

.c0 {
  box-sizing: border-box;
  display: flex;
  margin: 0 -4px;
  height: calc(24px + 2 * 4px);
  align-items: center;
}

.c2 {
  box-sizing: border-box;
  margin: 0 4px;
  width: 1px;
  align-self: stretch;
  background-color: var(--pbl-theme-colors-borders-light);
}

<div>
  <div
    aria-orientation="horizontal"
    class="c0"
    role="toolbar"
  >
    <button
      aria-pressed="false"
      class="c1"
      color="plain"
      customstyles="[object Object]"
      data-testid="pbl-toolbar-item-button"
      mx="4px"
      role="toolbar"
    >
      <div>
        bold-icon
      </div>
    </button>
    <button
      aria-pressed="false"
      class="c1"
      color="plain"
      customstyles="[object Object]"
      data-testid="pbl-toolbar-item-button"
      mx="4px"
      role="toolbar"
    >
      <div>
        underline-icon
      </div>
    </button>
    <button
      aria-pressed="false"
      class="c1"
      color="plain"
      customstyles="[object Object]"
      data-testid="pbl-toolbar-item-button"
      mx="4px"
      role="toolbar"
    >
      <div>
        italic-icon
      </div>
    </button>
    <div
      aria-orientation="vertical"
      class="c2"
      role="separator"
    />
    <button
      aria-pressed="false"
      class="c1"
      color="plain"
      customstyles="[object Object]"
      data-testid="pbl-toolbar-item-button"
      mx="4px"
      role="toolbar"
    >
      <div>
        edit-icon
      </div>
    </button>
    <button
      aria-pressed="false"
      class="c1"
      color="plain"
      customstyles="[object Object]"
      data-testid="pbl-toolbar-item-button"
      mx="4px"
      role="toolbar"
    >
      <div>
        crop-icon
      </div>
    </button>
    <button
      aria-pressed="false"
      class="c1"
      color="plain"
      customstyles="[object Object]"
      data-testid="pbl-toolbar-item-button"
      disabled=""
      mx="4px"
      role="toolbar"
    >
      <div>
        disabled-icon
      </div>
    </button>
  </div>
</div>
`;
