// Jest Snapshot v1, https://goo.gl/fbAQLP

exports[`Render toast stack on the bottom-right by default 1`] = `
.emotion-0 {
  box-sizing: border-box;
  padding: clamp(0.75rem, 0.6428571428571428rem + 0.5357142857142857vw, 1.125rem);
  width: 400px;
  position: fixed;
  display: -webkit-box;
  display: -webkit-flex;
  display: -ms-flexbox;
  display: flex;
  z-index: 1100;
  bottom: 0;
  -webkit-flex-direction: column-reverse;
  -ms-flex-direction: column-reverse;
  flex-direction: column-reverse;
  right: 0;
}

<div
  class="emotion-0"
  data-testid="pbl-toaststack"
/>
`;
